// Vitest Snapshot v1, https://vitest.dev/guide/snapshot.html

exports[`FixtureDataSource — derived report snapshot (drift guard) > locks the Standard June derived rows 1`] = `
[
  {
    "ciMethod": "clustered",
    "matches": 757,
    "rank": 1,
    "slug": "selesnya-ouroboroid",
    "tier": 1.5,
    "wr": 0.5086,
    "wrHi": 0.5256,
    "wrLo": 0.4916,
  },
  {
    "ciMethod": "clustered",
    "matches": 735,
    "rank": 2,
    "slug": "izzet-prowess",
    "tier": 1.5,
    "wr": 0.4857,
    "wrHi": 0.5038,
    "wrLo": 0.4676,
  },
  {
    "ciMethod": "clustered",
    "matches": 527,
    "rank": 3,
    "slug": "jeskai-lessons",
    "tier": 1,
    "wr": 0.5256,
    "wrHi": 0.5476,
    "wrLo": 0.5037,
  },
  {
    "ciMethod": "clustered",
    "matches": 433,
    "rank": 4,
    "slug": "izzet-spellementals",
    "tier": 1,
    "wr": 0.5312,
    "wrHi": 0.5553,
    "wrLo": 0.5071,
  },
  {
    "ciMethod": "clustered",
    "matches": 326,
    "rank": 5,
    "slug": "jeskai-control",
    "tier": 2,
    "wr": 0.4816,
    "wrHi": 0.5138,
    "wrLo": 0.4494,
  },
  {
    "ciMethod": "clustered",
    "matches": 276,
    "rank": 6,
    "slug": "dimir-excruciator",
    "tier": 1.5,
    "wr": 0.4819,
    "wrHi": 0.5063,
    "wrLo": 0.4575,
  },
  {
    "ciMethod": "clustered",
    "matches": 172,
    "rank": 7,
    "slug": "mono-green-landfall",
    "tier": 1.5,
    "wr": 0.5291,
    "wrHi": 0.5644,
    "wrLo": 0.4937,
  },
  {
    "ciMethod": "clustered",
    "matches": 162,
    "rank": 8,
    "slug": "azorius-momo",
    "tier": 3,
    "wr": 0.4506,
    "wrHi": 0.4956,
    "wrLo": 0.4057,
  },
  {
    "ciMethod": "clustered",
    "matches": 115,
    "rank": 9,
    "slug": "selesnya-aggro",
    "tier": 2,
    "wr": 0.487,
    "wrHi": 0.5412,
    "wrLo": 0.4327,
  },
  {
    "ciMethod": "clustered",
    "matches": 96,
    "rank": 10,
    "slug": "selesnya-landfall",
    "tier": 0,
    "wr": 0.625,
    "wrHi": 0.664,
    "wrLo": 0.586,
  },
]
`;
